Java HotSpot(TM) 64-Bit Server VM (25.161-b12) for windows-amd64 JRE (1.8.0_161-b12), built on Dec 19 2017 17:52:25 by "java_re" with MS VC++ 10.0 (VS2010)
Memory: 4k page, physical 8271080k(1332176k free), swap 17189944k(3246360k free)
CommandLine flags: -XX:InitialHeapSize=419430400 -XX:MaxHeapSize=2117074944 -XX:+PrintGC -XX:+PrintGCDateStamps -XX:+PrintGCDetails -XX:+PrintGCTimeStamps -XX:+UseCompressedClassPointers -XX:+UseCompressedOops -XX:-UseLargePagesIndividualAllocation -XX:+UseParallelGC 
2023-04-13T14:49:10.467+0800: 28.303: [GC (Allocation Failure) [PSYoungGen: 102400K->16889K(119296K)] 102400K->24109K(392704K), 0.0161795 secs] [Times: user=0.08 sys=0.02, real=0.02 secs] 
2023-04-13T14:49:11.366+0800: 29.202: [GC (Metadata GC Threshold) [PSYoungGen: 84670K->16892K(119296K)] 91891K->28104K(392704K), 0.0157200 secs] [Times: user=0.11 sys=0.00, real=0.02 secs] 
2023-04-13T14:49:11.382+0800: 29.218: [Full GC (Metadata GC Threshold) [PSYoungGen: 16892K->0K(119296K)] [ParOldGen: 11212K->21742K(273408K)] 28104K->21742K(392704K), [Metaspace: 20778K->20778K(1069056K)], 0.0314574 secs] [Times: user=0.13 sys=0.02, real=0.03 secs] 
2023-04-13T14:49:46.948+0800: 64.784: [GC (Allocation Failure) [PSYoungGen: 102400K->1141K(119296K)] 124142K->22892K(392704K), 0.0039351 secs] [Times: user=0.00 sys=0.00, real=0.00 secs] 
2023-04-13T14:50:08.332+0800: 86.168: [GC (Allocation Failure) [PSYoungGen: 103541K->1155K(119296K)] 125292K->22914K(392704K), 0.0034098 secs] [Times: user=0.00 sys=0.00, real=0.00 secs] 
2023-04-13T14:50:50.705+0800: 128.541: [GC (Allocation Failure) [PSYoungGen: 103555K->1312K(116736K)] 125314K->23078K(390144K), 0.0033447 secs] [Times: user=0.00 sys=0.00, real=0.00 secs] 
2023-04-13T14:51:22.997+0800: 160.833: [GC (Allocation Failure) [PSYoungGen: 101152K->1439K(123904K)] 122918K->23214K(397312K), 0.0032243 secs] [Times: user=0.00 sys=0.00, real=0.00 secs] 
2023-04-13T14:52:13.705+0800: 211.541: [GC (Allocation Failure) [PSYoungGen: 99231K->1584K(97792K)] 121006K->23367K(371200K), 0.0031272 secs] [Times: user=0.00 sys=0.00, real=0.00 secs] 
2023-04-13T14:52:36.296+0800: 234.132: [GC (Allocation Failure) [PSYoungGen: 97328K->1343K(117760K)] 119111K->23559K(391168K), 0.0027481 secs] [Times: user=0.02 sys=0.00, real=0.00 secs] 
Heap
 PSYoungGen      total 117760K, used 55970K [0x00000000d5f00000, 0x00000000def80000, 0x0000000100000000)
  eden space 93696K, 58% used [0x00000000d5f00000,0x00000000d9458e50,0x00000000dba80000)
  from space 24064K, 5% used [0x00000000dd800000,0x00000000dd94fd80,0x00000000def80000)
  to   space 27136K, 0% used [0x00000000dba80000,0x00000000dba80000,0x00000000dd500000)
 ParOldGen       total 273408K, used 22215K [0x0000000081c00000, 0x0000000092700000, 0x00000000d5f00000)
  object space 273408K, 8% used [0x0000000081c00000,0x00000000831b1f58,0x0000000092700000)
 Metaspace       used 22603K, capacity 22990K, committed 23216K, reserved 1069056K
  class space    used 2598K, capacity 2703K, committed 2816K, reserved 1048576K
